10
0 15 31 5 10
1 3 65 1 99 13 10 6 16
2 8 23 62
3 8 54 5
4 17 8 81
5 13 0 7 32 10
6 30 21 4 1 16
7 44 3 24 5
8 2 0 27
9 1 16 4 0 43 82
